PHPUnit 12.4.2 by Sebastian Bergmann and contributors.

Runtime:       PHP 8.4.8
Configuration: G:\Projets\fireguard\fireguard-auth\phpunit.dist.xml

...FF..........................................................  63 / 868 (  7%)
............................................................... 126 / 868 ( 14%)
............................................................... 189 / 868 ( 21%)
............................................................... 252 / 868 ( 29%)
............................................................... 315 / 868 ( 36%)
............................................................... 378 / 868 ( 43%)
............................................................... 441 / 868 ( 50%)
............................................................... 504 / 868 ( 58%)
............................................................... 567 / 868 ( 65%)
............................................................... 630 / 868 ( 72%)
............................................................... 693 / 868 ( 79%)
............................................................... 756 / 868 ( 87%)
............................................................... 819 / 868 ( 94%)
.................................................               868 / 868 (100%)

Time: 04:53.537, Memory: 124.00 MB

Access Token (Tests\Unit\OAuth\Domain\Model\Token\AccessToken)
 Ô£ö Can create access token
 Ô£ö Can revoke access token
 Ô£ö Is expired returns true when expired

Activate Client Handler (Tests\Unit\OAuth\Application\UseCase\Command\Client\ActivateClient\ActivateClientHandler)
 Ô£ö Invoke activates client
 Ô£ö Invoke throws exception when client not found

Adapter Naming (App\Tests\Architecture\Unit\AdapterNaming)
 Ô£ö All adapters end with adapter suffix
 Ô£ö Adapters are in subdirectory

Add Permission To Role Processor (Tests\Unit\Authorization\Presentation\Api\Processor\AddPermissionToRoleProcessor)
 Ô£ö Add permission to role successfully
 Ô£ö Add permission to non existent role throws exception
 Ô£ö Add non existent permission throws exception

Application Event (Tests\Shared\Application\Event\ApplicationEvent)
 Ô£ö From domain copies all metadata

Application Exception (Tests\Shared\Application\Exception\ApplicationException)
 Ô£ö Context returns empty array

Application Naming (App\Tests\Architecture\Unit\ApplicationNaming)
 Ô£ö Commands end with command suffix
 Ô£ÿ Queries end with query suffix
   Ôöé
   Ôöé Every class in UseCase/Query/ must end with "Query", "Handler", or "Result".
   Ôöé Failed asserting that two arrays are identical.
   Ôöé --- Expected
   Ôöé +++ Actual
   Ôöé @@ @@
   Ôöé -Array &0 []
   Ôöé +Array &0 [
   Ôöé +    0 => 'App\TrustedDevice\Application\UseCase\Query\...\TrustedDeviceItem must end with suffix "Query", "Handler", or "Result".',
   Ôöé +]
   Ôöé
   Ôöé G:\Projets\fireguard\fireguard-auth\tests\Architecture\Unit\ApplicationNamingTest.php:205
   Ôöé G:\Projets\fireguard\fireguard-auth\tests\Architecture\Unit\ApplicationNamingTest.php:65
   Ôöé
 Ô£ÿ Handlers end with handler suffix
   Ôöé
   Ôöé Every class in Application/UseCase/ must end with "Command", "Query", "Handler", or "Result".
   Ôöé Failed asserting that two arrays are identical.
   Ôöé --- Expected
   Ôöé +++ Actual
   Ôöé @@ @@
   Ôöé -Array &0 []
   Ôöé +Array &0 [
   Ôöé +    0 => 'App\TrustedDevice\Application\UseCase\...\TrustedDeviceItem should end with "Command", "Query", "Handler", or "Result".',
   Ôöé +]
   Ôöé
   Ôöé G:\Projets\fireguard\fireguard-auth\tests\Architecture\Unit\ApplicationNamingTest.php:122
   Ôöé

Auth Login Flow (App\Tests\E2E\AuthLoginFlow)
 Ô£ö Login with valid credentials
 Ô£ö Login with invalid password
 Ô£ö Login with non existent user
 Ô£ö Login with inactive user
 Ô£ö Login sets refresh token cookie
 Ô£ö Refresh token flow
 Ô£ö Refresh without cookie returns 401
 Ô£ö Refresh with invalid token returns 401
 Ô£ö Logout clears refresh token cookie
 Ô£ö Logout without authentication succeeds
 Ô£ö Complete authentication flow
 Ô£ö Login with empty email
 Ô£ö Login with empty password
 Ô£ö Login response structure

Authenticate User Handler (Tests\Unit\User\Application\UseCase\Query\User\AuthenticateUser\AuthenticateUserHandler)
 Ô£ö Authenticates valid credentials
 Ô£ö Fails if user not found
 Ô£ö Fails if password invalid

Authorization Code Flow (App\Tests\E2E\AuthorizationCodeFlow)
 Ô£ö Authorization code grant requires code
 Ô£ö Authorization code grant requires redirect uri
 Ô£ö Authorization code grant requires code verifier
 Ô£ö Authorization code grant with invalid code
 Ô£ö Pkce s 256 challenge generation

Authorization Exception (Tests\Unit\Auth\Domain\Exception\Session\AuthorizationException)
 Ô£ö Invalid client message
 Ô£ö Invalid grant message
 Ô£ö Invalid scope message
 Ô£ö Server error message

Authorize Processor (Tests\Unit\OAuth\Presentation\Api\Processor\Authorization\AuthorizeProcessor)
 Ô£ö Process returns invalid request when prompt none combined
 Ô£ö Process returns login required when max age exceeded
 Ô£ö Process returns invalid request when max age not numeric
 Ô£ö Process returns consent required when prompt consent
 Ô£ö Process returns invalid request when prompt unknown
 Ô£ö Process returns login required when prompt login
 Ô£ö Process allows missing code challenge method
 Ô£ö Process stores nonce from fragment response
 Ô£ö Process stores nonce from form post response

Business Rule Violation Exception (Tests\Unit\Shared\Domain\Exception\BusinessRuleViolationException)
 Ô£ö Because

Cache Adapter (Tests\Unit\Shared\Infrastructure\Symfony\Adapter\Outbound\CacheAdapter)
 Ô£ö Get hit
 Ô£ö Get miss
 Ô£ö Get throws exception
 Ô£ö Set success
 Ô£ö Set throws exception on get item
 Ô£ö Set throws exception on save
 Ô£ö Delete success
 Ô£ö Delete throws exception
 Ô£ö Clear success

Cache Operation Exception (Tests\Unit\Shared\Infrastructure\Exception\CacheOperationException)
 Ô£ö Read failed
 Ô£ö Write failed
 Ô£ö Delete failed
 Ô£ö Clear failed

Check Consent Handler (Tests\Unit\OAuth\Application\UseCase\Query\Consent\CheckConsent\CheckConsentHandler)
 Ô£ö Invoke returns false when no consent
 Ô£ö Invoke returns true when all scopes granted
 Ô£ö Invoke identifies missing scopes

Check Device Trusted Handler (Tests\Unit\TrustedDevice\Application\UseCase\Query\TrustedDevice\CheckDeviceTrusted\CheckDeviceTrustedHandler)
 Ô£ö Invoke returns not trusted when no device
 Ô£ö Invoke returns not trusted when token invalid
 Ô£ö Invoke returns not trusted when user mismatch
 Ô£ö Invoke marks trusted when valid

Class Location (App\Tests\Architecture\Unit\ClassLocation)
 Ô£ö Adapters are only in infrastructure
 Ô£ö Ports are only in port directory
 Ô£ö Records are only in persistence directory
 Ô£ö Repositories are only in persistence directory
 Ô£ö Mappers are only in persistence directory

Client (Tests\Unit\Auth\Domain\Model\Client\Client)
 Ô£ö Can create client
 Ô£ö Validate redirect uri
 Ô£ö Supports grant type
 Ô£ö Has scope

Client (Tests\Unit\OAuth\Domain\Model\Client\Client)
 Ô£ö Register creates new client
 Ô£ö Register records client registered event
 Ô£ö Update details changes client properties
 Ô£ö Regenerate secret changes secret
 Ô£ö Activate sets client as active
 Ô£ö Deactivate sets client as inactive
 Ô£ö Delete marks client as deleted
 Ô£ö Validate redirect uri returns true for allowed uri
 Ô£ö Validate redirect uri returns false for disallowed uri
 Ô£ö Supports grant type returns true for supported type
 Ô£ö Has scope returns true for allowed scope

Client Activated Event (Tests\Unit\OAuth\Domain\Event\Client\ClientActivatedEvent)
 Ô£ö Event is created with all properties
 Ô£ö Event id is provided
 Ô£ö Aggregate id returns client id
 Ô£ö Aggregate type returns client
 Ô£ö Payload contains event data

Client Api (Tests\Functional\Api\ClientApi)
 Ô£ö Client endpoints require authentication

Client Deactivated Event (Tests\Unit\OAuth\Domain\Event\Client\ClientDeactivatedEvent)
 Ô£ö Event is created with all properties
 Ô£ö Event id is provided
 Ô£ö Aggregate id returns client id
 Ô£ö Aggregate type returns client
 Ô£ö Payload contains event data

Client Deleted Event (Tests\Unit\OAuth\Domain\Event\Client\ClientDeletedEvent)
 Ô£ö Event is created with all properties
 Ô£ö Event id is provided
 Ô£ö Aggregate id returns client id
 Ô£ö Aggregate type returns client
 Ô£ö Payload contains event data

Client Id (Tests\Unit\OAuth\Domain\ValueObject\Client\ClientId)
 Ô£ö Valid client id is accepted
 Ô£ö Invalid client id throws exception
 Ô£ö Equals returns true for same value
 Ô£ö Equals returns false for different value
 Ô£ö To string returns value

Client Identifier (Tests\Unit\Auth\Domain\ValueObject\Client\ClientIdentifier)
 Ô£ö Valid identifier is accepted
 Ô£ö Empty identifier throws
 Ô£ö Invalid pattern throws
 Ô£ö Equals compares value

Client Management Flow (App\Tests\E2E\ClientManagementFlow)
 Ô£ö Client credentials only client
 Ô£ö Different scopes
 Ô£ö Expired token handling
 Ô£ö Sql injection prevention
 Ô£ö Regenerate client secret
 Ô£ö Regenerate client secret without auth
 Ô£ö Activate client
 Ô£ö Activate client without auth
 Ô£ö Deactivate client
 Ô£ö Deactivate client without auth
 Ô£ö Activate non existent client

Client Mapper (Tests\Unit\OAuth\Infrastructure\Persistence\Doctrine\Mapper\Client\ClientMapper)
 Ô£ö To domain maps record to client
 Ô£ö To domain handles soft deleted client
 Ô£ö To record maps client to record
 Ô£ö Round trip mapping preserves data

Client Name (Tests\Unit\OAuth\Domain\ValueObject\Client\ClientName)
 Ô£ö Valid client name is accepted
 Ô£ö Too short client name throws exception
 Ô£ö Too long client name throws exception
 Ô£ö Equals returns true for same value
 Ô£ö Equals returns false for different value
 Ô£ö To string returns value

Client Registered Event (Tests\Unit\OAuth\Domain\Event\Client\ClientRegisteredEvent)
 Ô£ö Event is created with all properties
 Ô£ö Event id is provided
 Ô£ö Aggregate id returns client id
 Ô£ö Aggregate type returns client
 Ô£ö Payload contains event data

Client Repository (Tests\Unit\OAuth\Infrastructure\Persistence\Doctrine\Repository\Client\ClientRepository)
 Ô£ö Save persists client
 Ô£ö Find by id returns client
 Ô£ö Find by id returns null when not found
 Ô£ö Delete removes client

Client Repository Integration (Tests\Integration\Client\Infrastructure\Repository\ClientRepositoryIntegration)
 Ô£ö Save and find by id
 Ô£ö Find by id returns null when not found
 Ô£ö Save updates existing client
 Ô£ö Exists by name
 Ô£ö Delete
 Ô£ö Find all with pagination
 Ô£ö Count
 Ô£ö Client with multiple redirect uris

Client Secret (Tests\Unit\OAuth\Domain\ValueObject\Client\ClientSecret)
 Ô£ö Valid hashed secret is accepted
 Ô£ö Generate random plain returns valid secret
 Ô£ö Generate random plain returns different values
 Ô£ö Generate random plain with custom length
 Ô£ö Invalid secret throws exception
 Ô£ö Empty secret throws exception
 Ô£ö To string returns value
 Ô£ö Equals returns true for same value
 Ô£ö Equals returns false for different value

Client Secret Regenerated Event (Tests\Unit\OAuth\Domain\Event\Client\ClientSecretRegeneratedEvent)
 Ô£ö Event is created with all properties
 Ô£ö Event id is provided
 Ô£ö Aggregate id returns client id
 Ô£ö Aggregate type returns client
 Ô£ö Payload contains event data

Client Updated Event (Tests\Unit\OAuth\Domain\Event\Client\ClientUpdatedEvent)
 Ô£ö Event is created with all properties
 Ô£ö Event id is provided
 Ô£ö Aggregate id returns client id
 Ô£ö Aggregate type returns client
 Ô£ö Payload contains event data

Consent (Tests\Unit\OAuth\Domain\Model\Consent\Consent)
 Ô£ö Grant creates new consent
 Ô£ö Revoke marks consent as revoked
 Ô£ö Has scope checks individual scope
 Ô£ö Contains all scopes checks multiple scopes
 Ô£ö Update scopes modifies granted scopes

Console Naming (App\Tests\Architecture\Unit\ConsoleNaming)
 Ô£ö Console commands end with command suffix

Create Session Handler (Tests\Unit\Session\Application\UseCase\Command\Session\CreateSession\CreateSessionHandler)
 Ô£ö Invoke creates new session

Create Tenant Handler (Tests\Unit\Tenant\Application\UseCase\Command\Tenant\CreateTenant\CreateTenantHandler)
 Ô£ö Invoke creates new tenant

Create Tenant Processor (Tests\Unit\Tenant\Presentation\Api\Processor\Tenant\CreateTenantProcessor)
 Ô£ö Process creates tenant and returns output

Create User Command (Tests\Functional\Console\CreateUserCommand)
 Ô£ö Command exists
 Ô£ö Command has alias
 Ô£ö Command requires email
 Ô£ö Command has username option
 Ô£ö Command has first name option
 Ô£ö Command has last name option
 Ô£ö Create user successfully
 Ô£ö Handler directly

Create User Handler (Tests\Unit\User\Application\UseCase\Command\User\CreateUser\CreateUserHandler)
 Ô£ö Creates a new user

Create User Processor (Tests\Unit\User\Presentation\Api\Processor\User\CreateUserProcessor)
 Ô£ö Processes creation request

DPo PProof (Tests\Unit\Auth\Domain\ValueObject\Security\DPoPProof)
 Ô£ö From jwt creates proof
 Ô£ö From jwt rejects missing claims
 Ô£ö From jwt rejects invalid types
 Ô£ö Is valid for checks method uri and age
 Ô£ö Is valid for rejects expired proof

DPo PProof (Tests\Unit\OAuth\Domain\ValueObject\Security\DPoPProof)
 Ô£ö Can create d po p proof
 Ô£ö From jwt with valid payload
 Ô£ö From jwt with missing claims throws exception
 Ô£ö Is valid for with matching method and uri
 Ô£ö Is valid for with mismatched method
 Ô£ö Is valid for with mismatched uri
 Ô£ö Is valid for with expired proof
 Ô£ö Is valid for with custom max age
 Ô£ö Uri normalization

Date Range (Tests\Unit\Shared\Domain\ValueObject\DateRange)
 Ô£ö Can be created with valid dates
 Ô£ö Cannot be created with start after end
 Ô£ö Contains
 Ô£ö Equality

Deactivate Client Handler (Tests\Unit\OAuth\Application\UseCase\Command\Client\DeactivateClient\DeactivateClientHandler)
 Ô£ö Invoke deactivates client
 Ô£ö Invoke throws exception when client not found

Default Scopes (Tests\Unit\Auth\Domain\ValueObject\Scope\DefaultScopes)
 Ô£ö Default scopes are defined

Delete Client Handler (Tests\Unit\OAuth\Application\UseCase\Command\Client\DeleteClient\DeleteClientHandler)
 Ô£ö Invoke deletes client
 Ô£ö Invoke throws exception when client not found

Device Fingerprint (Tests\Unit\TrustedDevice\Domain\ValueObject\DeviceFingerprint)
 Ô£ö Create generates stable hash and matches
 Ô£ö From hash keeps provided values
 Ô£ö Get device name detects browser and os with data set "chrome windows"
 Ô£ö Get device name detects browser and os with data set "firefox linux"
 Ô£ö Get device name detects browser and os with data set "safari macos"
 Ô£ö Get device name detects browser and os with data set "edge windows"
 Ô£ö Get device name detects browser and os with data set "chrome android"
 Ô£ö Get device name detects browser and os with data set "safari ios"

Device Revoked Event (Tests\Unit\TrustedDevice\Domain\Event\DeviceRevokedEvent)
 Ô£ö Can be created

Device Token (Tests\Unit\TrustedDevice\Domain\ValueObject\DeviceToken)
 Ô£ö Generate creates token with plain and hash
 Ô£ö Plain throws when not available

Device Trusted Event (Tests\Unit\TrustedDevice\Domain\Event\DeviceTrustedEvent)
 Ô£ö Can be created

Discovery Api (Tests\Functional\Api\DiscoveryApi)
 Ô£ö Open id configuration endpoint returns valid response
 Ô£ö Open id configuration contains required fields
 Ô£ö Open id configuration contains end session and prompt values
 Ô£ö Jwks endpoint returns valid response
 Ô£ö Jwks endpoint contains keys
 Ô£ö Jwks keys have required fields

Doctrine Transaction Manager Adapter (Tests\Unit\Shared\Infrastructure\Symfony\Adapter\Outbound\DoctrineTransactionManagerAdapter)
 Ô£ö Transactional success
 Ô£ö Transactional throws exception

Domain Exception (Tests\Unit\Shared\Domain\Exception\DomainException)
 Ô£ö Code returns expected format

Domain Naming (App\Tests\Architecture\Unit\DomainNaming)
 Ô£ö Events end with event suffix
 Ô£ö Exceptions end with exception suffix

Email (Tests\Unit\Shared\Domain\ValueObject\Email)
 Ô£ö Can be created with valid value
 Ô£ö Cannot be created with invalid value
 Ô£ö Equality

End Session Processor (Tests\Unit\OAuth\Presentation\Api\Processor\Session\EndSessionProcessor)
 Ô£ö Process returns invalid request when client id missing
 Ô£ö Process redirects when post logout uri allowed
 Ô£ö Process uses id token hint to resolve client id
 Ô£ö Process returns invalid request when id token hint invalid
 Ô£ö Process returns invalid request when client id mismatch
 Ô£ö Process returns invalid request when post logout uri not allowed
 Ô£ö Process uses id token hint audience array
 Ô£ö Process returns json when no redirect uri

Entity Not Found Exception (Tests\Unit\Shared\Domain\Exception\EntityNotFoundException)
 Ô£ö For id

File Storage Adapter (Tests\Unit\Shared\Infrastructure\Symfony\Adapter\Outbound\FileStorageAdapter)
 Ô£ö Write and read
 Ô£ö Write creates directories
 Ô£ö Read throws exception if file not found
 Ô£ö Delete
 Ô£ö Delete non existent file does not throw

File Storage Exception (Tests\Unit\Shared\Infrastructure\Exception\FileStorageException)
 Ô£ö Read failed
 Ô£ö Write failed
 Ô£ö Delete failed
 Ô£ö Directory creation failed

Generate Otp Handler (Tests\Unit\Otp\Application\UseCase\Command\Challenge\GenerateOtp\GenerateOtpHandler)
 Ô£ö Invoke generates otp and sends notification
 Ô£ö Invoke does not send notification for totp

Get Client Handler (Tests\Unit\OAuth\Application\UseCase\Query\Client\GetClient\GetClientHandler)
 Ô£ö Invoke returns client result
 Ô£ö Invoke throws exception when client not found

Get Client Provider (Tests\Unit\OAuth\Presentation\Api\Provider\Client\GetClientProvider)
 Ô£ö Provide returns client output when found
 Ô£ö Provide returns null when not found

Get Session Handler (Tests\Unit\Session\Application\UseCase\Query\Session\GetSession\GetSessionHandler)
 Ô£ö Invoke returns session
 Ô£ö Invoke throws exception when not found

Get Tenant Handler (Tests\Unit\Tenant\Application\UseCase\Query\Tenant\GetTenant\GetTenantHandler)
 Ô£ö Invoke returns tenant
 Ô£ö Invoke throws exception when not found

Grant Consent Handler (Tests\Unit\OAuth\Application\UseCase\Command\Consent\GrantConsent\GrantConsentHandler)
 Ô£ö Invoke creates new consent when none exists
 Ô£ö Invoke updates existing consent

Grant Type (Tests\Unit\Auth\Domain\ValueObject\Security\GrantType)
 Ô£ö Values returns all cases
 Ô£ö Helper methods with data set "authorization code"
 Ô£ö Helper methods with data set "client credentials"
 Ô£ö Helper methods with data set "refresh token"

Grant Type (Tests\Unit\OAuth\Domain\ValueObject\Security\GrantType)
 Ô£ö Enum cases
 Ô£ö Enum values
 Ô£ö From string
 Ô£ö From invalid string throws exception
 Ô£ö Is authorization code
 Ô£ö Is client credentials
 Ô£ö Is refresh token
 Ô£ö Requires user authentication
 Ô£ö Label
 Ô£ö Equality

Grant Type Validator (Tests\Unit\Auth\Presentation\Api\Validator\GrantType\GrantTypeValidator)
 Ô£ö Validate rejects unsupported grant type
 Ô£ö Validate refresh token requires token
 Ô£ö Validate authorization code requires fields
 Ô£ö Validate authorization code succeeds when valid

Grant Types (Tests\Unit\OAuth\Domain\ValueObject\Security\GrantTypes)
 Ô£ö Can be created and accessed
 Ô£ö Iteration
 Ô£ö From array
 Ô£ö Removes duplicates
 Ô£ö To array

Hashed Password (Tests\Unit\User\Domain\ValueObject\HashedPassword)
 Ô£ö Verifies correctly

Hashed Secret (Tests\Unit\Shared\Domain\ValueObject\HashedSecret)
 Ô£ö Can be created with valid value
 Ô£ö Equality

Hashing Adapter (Tests\Unit\Shared\Infrastructure\Symfony\Adapter\Outbound\HashingAdapter)
 Ô£ö Hash returns hashed secret
 Ô£ö Verify returns true for matching password
 Ô£ö Verify returns false for non matching password
 Ô£ö Hash and verify work together

Infrastructure Exception (Tests\Unit\Shared\Infrastructure\Exception\InfrastructureException)
 Ô£ö Metadata returns empty array by default

Introspect Token Handler (Tests\Unit\OAuth\Application\UseCase\Query\Token\IntrospectToken\IntrospectTokenHandler)
 Ô£ö Introspect access token returns inactive when validation fails
 Ô£ö Introspect refresh token uses encrypted lookup

Invalid Client Identifier Exception (Tests\Unit\Auth\Domain\Exception\Client\InvalidClientIdentifierException)
 Ô£ö Empty creates message
 Ô£ö Invalid pattern creates message

Invalid Grant Type Exception (Tests\Unit\OAuth\Domain\Exception\Token\InvalidGrantTypeException)
 Ô£ö Extends invalid value exception
 Ô£ö Not allowed
 Ô£ö Empty

Invalid OAuth Client Identifier Exception (Tests\Unit\OAuth\Domain\Exception\Client\InvalidOAuthClientIdentifierException)
 Ô£ö Extends invalid value exception
 Ô£ö Invalid pattern
 Ô£ö Empty

Invalid Scope Exception (Tests\Unit\OAuth\Domain\Exception\Token\InvalidScopeException)
 Ô£ö Extends invalid value exception
 Ô£ö Invalid format
 Ô£ö Empty

Invalid Value Exception (Tests\Unit\Shared\Domain\Exception\InvalidValueException)
 Ô£ö Because

Ip Address (Tests\Unit\Shared\Domain\ValueObject\IpAddress)
 Ô£ö Can be created with valid ipv 4
 Ô£ö Can be created with valid ipv 6
 Ô£ö Cannot be created with invalid value
 Ô£ö Equality

Issue Token Handler (Tests\Unit\OAuth\Application\UseCase\Command\Token\IssueToken\IssueTokenHandler)
 Ô£ö Handle successfully issues token
 Ô£ö Handle throws exception on failure
 Ô£ö Handle issues id token for authorization code
 Ô£ö Handle issues id token for refresh token
 Ô£ö Handle skips id token without open id scope

Jwt Token Service (Tests\Unit\Auth\Application\Service\JwtTokenService)
 Ô£ö Generate tokens returns valid structure
 Ô£ö Generate tokens with empty scopes
 Ô£ö Decode refresh token returns valid payload
 Ô£ö Decode refresh token returns null for invalid token
 Ô£ö Decode refresh token returns null for empty token
 Ô£ö Get access token ttl
 Ô£ö Get refresh token ttl
 Ô£ö Generated tokens are unique
 Ô£ö Decode refresh token returns null for expired token
 Ô£ö Decode refresh token returns null for malformed json
 Ô£ö Access token contains expected claims
 Ô£ö Refresh token payload contains all required fields
 Ô£ö Custom ttl values
 Ô£ö Access token expiration matches ttl
 Ô£ö Refresh token expiration matches ttl
 Ô£ö Issuer claim matches configuration
 Ô£ö Subject claim matches user id
 Ô£ö Scopes are preserved in token
 Ô£ö Token type is bearer in response

List Clients Handler (Tests\Unit\OAuth\Application\UseCase\Query\Client\ListClients\ListClientsHandler)
 Ô£ö Invoke returns paginated result

List Trusted Devices Handler (Tests\Unit\TrustedDevice\Application\UseCase\Query\TrustedDevice\ListTrustedDevices\ListTrustedDevicesHandler)
 Ô£ö Invoke returns only valid devices

List Trusted Devices Provider (Tests\Unit\TrustedDevice\Presentation\Api\Provider\TrustedDevice\ListTrustedDevicesProvider)
 Ô£ö Provide throws when not authenticated
 Ô£ö Provide returns outputs for user

List User Sessions Provider (Tests\Unit\Session\Presentation\Api\Provider\Session\ListUserSessionsProvider)
 Ô£ö Provide returns empty array when not authenticated
 Ô£ö Provide returns sessions for authenticated user

Locale (Tests\Unit\Shared\Domain\ValueObject\Locale)
 Ô£ö Can be created with valid value
 Ô£ö Cannot be created with invalid value
 Ô£ö Equality

Logger Adapter (Tests\Unit\Shared\Infrastructure\Symfony\Adapter\Outbound\LoggerAdapter)
 Ô£ö Log
 Ô£ö Critical
 Ô£ö Error
 Ô£ö Warning
 Ô£ö Notice
 Ô£ö Info
 Ô£ö Debug

Login Failed Event (Tests\Unit\Auth\Domain\Event\Session\LoginFailedEvent)
 Ô£ö Can be created

Login Handler (Tests\Unit\Auth\Application\UseCase\Command\Session\Login\LoginHandler)
 Ô£ö Invoke returns failed when rate limited
 Ô£ö Invoke returns failed when credentials invalid
 Ô£ö Invoke returns mfa challenge when enabled
 Ô£ö Invoke generates tokens on success

Login Processor (Tests\Unit\Auth\Presentation\Api\Processor\Auth\LoginProcessor)
 Ô£ö Process throws on invalid input
 Ô£ö Process throws unauthorized when failed
 Ô£ö Process returns mfa output when required
 Ô£ö Process sets refresh token cookie on success

Login Rate Limiter Adapter (Tests\Integration\Auth\Infrastructure\RateLimiter\LoginRateLimiterAdapter)
 Ô£ö Consume returns accepted on first attempt
 Ô£ö Consume decreases remaining tokens
 Ô£ö Consume returns rejected when limit exceeded
 Ô£ö Consume with multiple tokens
 Ô£ö Different keys are independent
 Ô£ö Reset restores tokens
 Ô£ö Reset after limit exceeded

Logout Handler (Tests\Unit\Auth\Application\UseCase\Command\Session\Logout\LogoutHandler)
 Ô£ö Invoke revokes provided tokens
 Ô£ö Invoke skips missing tokens

Logout Processor (Tests\Unit\Auth\Presentation\Api\Processor\Auth\LogoutProcessor)
 Ô£ö Process dispatches logout and sets cookie

Mail Sending Exception (Tests\Unit\Shared\Infrastructure\Exception\MailSendingException)
 Ô£ö Dispatch failed

Mailer Adapter (Tests\Unit\Shared\Infrastructure\Symfony\Adapter\Outbound\MailerAdapter)
 Ô£ö Send success
 Ô£ö Send with cc and bcc
 Ô£ö Send throws exception

Messenger Command Bus Adapter (Tests\Unit\Shared\Infrastructure\Symfony\Adapter\Inbound\MessengerCommandBusAdapter)
 Ô£ö Dispatch success
 Ô£ö Dispatch throws messenger runtime exception
 Ô£ö Dispatch throws no handler result exception when no stamp
 Ô£ö Dispatch throws no handler result exception when result not result message

Messenger Event Bus Adapter (Tests\Unit\Shared\Infrastructure\Symfony\Adapter\Outbound\MessengerEventBusAdapter)
 Ô£ö Publish success
 Ô£ö Publish throws exception

Messenger Event Listener Adapter (Tests\Unit\Shared\Infrastructure\Symfony\Adapter\Inbound\MessengerEventListenerAdapter)
 Ô£ö Handle success
 Ô£ö Handle returns null when no handled stamp
 Ô£ö Handle returns null when result is null
 Ô£ö Handle throws messenger runtime exception
 Ô£ö Handle throws no handler result exception when result invalid

Messenger Query Bus Adapter (Tests\Unit\Shared\Infrastructure\Symfony\Adapter\Inbound\MessengerQueryBusAdapter)
 Ô£ö Ask success
 Ô£ö Ask throws messenger runtime exception
 Ô£ö Ask throws no handler result exception when no stamp
 Ô£ö Ask throws no handler result exception when result not result message

Messenger Runtime Exception (Tests\Unit\Shared\Infrastructure\Exception\MessengerRuntimeException)
 Ô£ö Wrap

Mfa Challenge Handler (Tests\Unit\Auth\Application\UseCase\Command\Mfa\MfaChallenge\MfaChallengeHandler)
 Ô£ö Invoke returns generated challenge

Mfa Flow (App\Tests\E2E\MfaFlow)
 Ô£ö Mfa login flow

Mfa Verify Handler (Tests\Unit\Auth\Application\UseCase\Command\Mfa\MfaVerify\MfaVerifyHandler)
 Ô£ö Invoke throws when pre auth invalid
 Ô£ö Invoke throws when payload invalid
 Ô£ö Invoke returns failure when verification fails
 Ô£ö Invoke generates tokens when verification succeeds

Mfa Verify Processor (Tests\Unit\Auth\Presentation\Api\Processor\Auth\MfaVerifyProcessor)
 Ô£ö Process throws unauthorized on auth error
 Ô£ö Process throws bad request when verification fails
 Ô£ö Process returns output and sets cookie on success

Module Structure (App\Tests\Architecture\Unit\ModuleStructure)
 Ô£ö Each module contains required layers

No Handler Result Exception (Tests\Unit\Shared\Infrastructure\Exception\NoHandlerResultException)
 Ô£ö For message

OAuth Client Identifier (Tests\Unit\OAuth\Domain\ValueObject\Client\OAuthClientIdentifier)
 Ô£ö Can be created with valid value
 Ô£ö Cannot be created with empty value
 Ô£ö Cannot be created with invalid characters
 Ô£ö Cannot be created with too short value
 Ô£ö Cannot start with special character
 Ô£ö Equality

OAuth Error Subscriber (Tests\Unit\OAuth\Presentation\Api\EventSubscriber\OAuthErrorSubscriber)
 Ô£ö On kernel exception maps too many requests

OAuth Response Subscriber (Tests\Unit\OAuth\Presentation\Api\EventSubscriber\OAuthResponseSubscriber)
 Ô£ö On kernel response adds cache headers for token operations
 Ô£ö On kernel response skips non token operations

OAuth2Api (Tests\Functional\Api\OAuth2Api)
 Ô£ö Token endpoint accepts post
 Ô£ö Token endpoint rejects get
 Ô£ö Token endpoint validates client credentials
 Ô£ö Introspection endpoint exists
 Ô£ö Revocation endpoint exists
 Ô£ö Logout endpoint returns json
 Ô£ö Logout endpoint rejects invalid id token hint
 Ô£ö User info endpoint requires authentication
 Ô£ö User info endpoint rejects invalid token

OAuth2Flow (App\Tests\E2E\OAuth2Flow)
 Ô£ö Client credentials flow complete
 Ô£ö Client credentials with invalid secret
 Ô£ö Client credentials with non existent client
 Ô£ö Open id configuration
 Ô£ö Jwks endpoint
 Ô£ö Protected resource without token
 Ô£ö Protected resource with invalid token
 Ô£ö User info with valid token
 Ô£ö Introspection with invalid token
 Ô£ö Revocation with invalid token
 Ô£ö Multiple tokens for same client

OAuth2Flow (Tests\Integration\Auth\OAuth2Flow)
 Ô£ö Token endpoint requires grant type
 Ô£ö Token endpoint rejects invalid grant type
 Ô£ö Token endpoint accepts valid grant types
 Ô£ö Introspection endpoint requires token
 Ô£ö Introspection endpoint returns inactive for invalid token
 Ô£ö Revocation endpoint accepts token
 Ô£ö Refresh token grant requires refresh token
 Ô£ö Authorization code grant requires code and redirect uri

OAuth2Scope Voter (Tests\Unit\Auth\Infrastructure\Security\Voter\OAuth2ScopeVoter)
 Ô£ö Vote grants when scope present
 Ô£ö Vote denies when scope missing
 Ô£ö Vote denies when user not security user

Oidc Claims Builder (Tests\Unit\OAuth\Application\Service\OidcClaimsBuilder)
 Ô£ö Build user info claims with profile and email scopes
 Ô£ö Build id token claims includes auth time
 Ô£ö Build claims skips optional scopes

Oidc User (Tests\Unit\OAuth\Domain\Model\Oidc\OidcUser)
 Ô£ö Constructor rejects empty subject
 Ô£ö Getters return values

Oidc User Provider Adapter (Tests\Unit\OAuth\Infrastructure\Oidc\Adapter\OidcUserProviderAdapter)
 Ô£ö Find by identifier returns null for empty identifier
 Ô£ö Find by identifier returns null on query failure
 Ô£ö Find by identifier returns oidc user

Open Id Configuration Provider (Tests\Unit\OAuth\Presentation\Api\Provider\Discovery\OpenIdConfigurationProvider)
 Ô£ö Provide includes end session and prompt values
 Ô£ö Provide uses configured logout path
 Ô£ö Provide falls back to default end session path when route missing

Otp (Tests\Unit\Otp\Domain\Model\Otp)
 Ô£ö Generate creates otp
 Ô£ö Verify with correct code
 Ô£ö Verify with incorrect code
 Ô£ö Verify exceeds max attempts
 Ô£ö Masked recipient email
 Ô£ö Masked recipient sms
 Ô£ö Masked recipient totp
 Ô£ö Custom ttl
 Ô£ö Release events

Otp Challenge Flow (App\Tests\E2E\OtpChallengeFlow)
 Ô£ö Create challenge with valid data
 Ô£ö Create challenge with invalid channel
 Ô£ö Create challenge without auth
 Ô£ö Get non existent challenge status
 Ô£ö Verify non existent challenge
 Ô£ö Verify challenge without code
 Ô£ö Resend non existent challenge

Otp Code (Tests\Unit\Otp\Domain\ValueObject\OtpCode)
 Ô£ö Generate creates 6 digit code
 Ô£ö Verify with correct code
 Ô£ö Verify with incorrect code
 Ô£ö From hash can verify
 Ô£ö From hash plain not available
 Ô£ö Masked shows last two digits

Otp Config Flow (App\Tests\E2E\OtpConfigFlow)
 Ô£ö List purposes
 Ô£ö List purposes with valid token
 Ô£ö List channels
 Ô£ö List channels with valid token

Permission (Tests\Unit\Authorization\Domain\Model\Permission)
 Ô£ö Create permission with valid data
 Ô£ö Create permission with empty description
 Ô£ö Matches with exact name
 Ô£ö Matches with wildcard
 Ô£ö Matches with super wildcard
 Ô£ö Does not match different permission
 Ô£ö Wildcard does not match different resource
 Ô£ö Permission equality by id
 Ô£ö Permission inequality with different ids

Permission Id (Tests\Unit\Authorization\Domain\ValueObject\PermissionId)
 Ô£ö Create with valid uuid
 Ô£ö Create with invalid uuid throws exception
 Ô£ö Permission id equality
 Ô£ö Permission id inequality

Permission Name (Tests\Unit\Authorization\Domain\ValueObject\PermissionName)
 Ô£ö Create with valid resource action format
 Ô£ö Create with wildcard action
 Ô£ö Create with super wildcard
 Ô£ö Exact match
 Ô£ö Wildcard matches specific action
 Ô£ö Super wildcard matches any permission
 Ô£ö Wildcard does not match different resource
 Ô£ö Specific does not match different action
 Ô£ö Permission name equality
 Ô£ö Permission name inequality

Persistence Naming (App\Tests\Architecture\Unit\PersistenceNaming)
 Ô£ö Records end with record suffix
 Ô£ö Mappers end with mapper suffix
 Ô£ö Repositories end with repository suffix

Phone Number (Tests\Unit\Shared\Domain\ValueObject\PhoneNumber)
 Ô£ö Can be created with valid value
 Ô£ö Cannot be created with invalid value
 Ô£ö Get country code
 Ô£ö Get national number
 Ô£ö Equality

Port Naming (App\Tests\Architecture\Unit\PortNaming)
 Ô£ö All ports end with port suffix

Presentation Naming (App\Tests\Architecture\Unit\PresentationNaming)
 Ô£ö Processors end with processor suffix
 Ô£ö Providers end with provider suffix

Rate Limit Result (Tests\Unit\Shared\Domain\ValueObject\RateLimitResult)
 Ô£ö Can be created with accepted status
 Ô£ö Can be created with rejected status
 Ô£ö Accepted factory method
 Ô£ö Accepted factory method with default tokens
 Ô£ö Rejected factory method
 Ô£ö Default values

Redirect Uri (Tests\Unit\OAuth\Domain\ValueObject\Client\RedirectUri)
 Ô£ö Can be created with valid value
 Ô£ö Cannot be created with invalid value
 Ô£ö Equality

Refresh Token Cookie Service (Tests\Unit\Auth\Presentation\Api\Service\RefreshTokenCookieService)
 Ô£ö Get cookie name adds host prefix in prod
 Ô£ö Get cookie name uses base in non prod
 Ô£ö Create cookie sets attributes
 Ô£ö Create clear cookie expires in past
 Ô£ö Get refresh token from request

Refresh Token Cookie Subscriber (Tests\Unit\Auth\Infrastructure\EventSubscriber\RefreshTokenCookieSubscriber)
 Ô£ö On kernel response adds cookie when present
 Ô£ö On kernel response skips when no cookie

Refresh Token Flow (App\Tests\E2E\RefreshTokenFlow)
 Ô£ö Refresh token grant with valid token
 Ô£ö Refresh token grant with invalid token
 Ô£ö Refresh token grant without token
 Ô£ö Refresh token grant with expired token
 Ô£ö Auth refresh endpoint with cookie
 Ô£ö Auth refresh endpoint without cookie

Refresh Token Handler (Tests\Unit\Auth\Application\UseCase\Query\Session\RefreshToken\RefreshTokenHandler)
 Ô£ö Invoke rotates session tokens on success
 Ô£ö Invoke skips rotation when current missing

Refresh Token Processor (Tests\Unit\Auth\Presentation\Api\Processor\Auth\RefreshTokenProcessor)
 Ô£ö Process returns null when no request
 Ô£ö Process throws when no refresh token
 Ô£ö Process throws when refresh fails
 Ô£ö Process returns output and sets cookie on success

Regenerate Client Secret Handler (Tests\Unit\OAuth\Application\UseCase\Command\Client\RegenerateClientSecret\RegenerateClientSecretHandler)
 Ô£ö Invoke regenerates client secret
 Ô£ö Invoke throws exception when client not found

Register Client Handler (Tests\Unit\OAuth\Application\UseCase\Command\Client\RegisterClient\RegisterClientHandler)
 Ô£ö Invoke registers new client

Register Client Processor (Tests\Unit\OAuth\Presentation\Api\Processor\Client\RegisterClientProcessor)
 Ô£ö Process registers client and returns output

Remove Permission From Role Processor (Tests\Unit\Authorization\Presentation\Api\Processor\RemovePermissionFromRoleProcessor)
 Ô£ö Remove permission from role successfully
 Ô£ö Remove permission from non existent role throws exception
 Ô£ö Remove non existent permission throws exception

Resource Owner Voter (Tests\Unit\Auth\Infrastructure\Security\Voter\ResourceOwnerVoter)
 Ô£ö Vote grants when owner matches
 Ô£ö Vote denies when owner does not match
 Ô£ö Vote denies when user is not security user
 Ô£ö Vote uses value object owner id

Revoke All Devices Handler (Tests\Unit\TrustedDevice\Application\UseCase\Command\TrustedDevice\RevokeAllDevices\RevokeAllDevicesHandler)
 Ô£ö Invoke revokes all devices

Revoke All Devices Processor (Tests\Unit\TrustedDevice\Presentation\Api\Processor\TrustedDevice\RevokeAllDevicesProcessor)
 Ô£ö Process throws bad request when user missing
 Ô£ö Process dispatches command when authenticated

Revoke Device Handler (Tests\Unit\TrustedDevice\Application\UseCase\Command\TrustedDevice\RevokeDevice\RevokeDeviceHandler)
 Ô£ö Invoke revokes device for owner
 Ô£ö Invoke throws when device missing
 Ô£ö Invoke throws when user mismatch

Revoke Device Processor (Tests\Unit\TrustedDevice\Presentation\Api\Processor\TrustedDevice\RevokeDeviceProcessor)
 Ô£ö Process throws bad request when user missing
 Ô£ö Process throws bad request when id missing
 Ô£ö Process throws not found when device missing
 Ô£ö Process unwraps not found from previous exception
 Ô£ö Process dispatches command when valid

Revoke Session Handler (Tests\Unit\Session\Application\UseCase\Command\Session\RevokeSession\RevokeSessionHandler)
 Ô£ö Invoke revokes existing session
 Ô£ö Invoke throws exception when session not found

Revoke Session Processor (Tests\Unit\Session\Presentation\Api\Processor\Session\RevokeSessionProcessor)
 Ô£ö Process revokes session
 Ô£ö Process throws not found when session missing
 Ô£ö Process throws not found when id missing

Role (Tests\Unit\Authorization\Domain\Model\Role)
 Ô£ö Create role with valid data
 Ô£ö Create system role
 Ô£ö Add permission to role
 Ô£ö Add duplicate permission does not add twice
 Ô£ö Remove permission from role
 Ô£ö Has permission with exact match
 Ô£ö Has permission with wildcard match
 Ô£ö Has permission returns false for missing permission
 Ô£ö Update role name and description
 Ô£ö Role equality by id
 Ô£ö Role inequality with different ids

Role Id (Tests\Unit\Authorization\Domain\ValueObject\RoleId)
 Ô£ö Create with valid uuid v 4
 Ô£ö Create with valid uuid v 7
 Ô£ö Create with invalid uuid throws exception
 Ô£ö Create with empty string throws exception
 Ô£ö Role id equality
 Ô£ö Role id inequality

Role Name (Tests\Unit\Authorization\Domain\ValueObject\RoleName)
 Ô£ö Create with valid lowercase name
 Ô£ö Create with underscores
 Ô£ö Create with numbers
 Ô£ö Create with uppercase throws exception
 Ô£ö Create with empty string throws exception
 Ô£ö Create with special characters throws exception
 Ô£ö Role name equality
 Ô£ö Role name inequality

Role Permission Management Flow (App\Tests\E2E\RolePermissionManagementFlow)
 Ô£ö List permissions with valid token
 Ô£ö List permissions without token
 Ô£ö Create permission
 Ô£ö Create permission with invalid name
 Ô£ö Get permission by id
 Ô£ö List roles with valid token
 Ô£ö List roles without token
 Ô£ö Create role
 Ô£ö Create role with invalid name
 Ô£ö Get role by id
 Ô£ö Update role
 Ô£ö Add permission to role
 Ô£ö Remove permission from role
 Ô£ö Delete role without auth
 Ô£ö Delete non existent role

Scope (Tests\Unit\Auth\Domain\ValueObject\Scope\Scope)
 Ô£ö Values returns all cases

Scopes (Tests\Unit\OAuth\Domain\ValueObject\Scope\Scopes)
 Ô£ö Can be created and accessed
 Ô£ö Iteration
 Ô£ö From array

Security User (Tests\Unit\Auth\Infrastructure\Security\User\SecurityUser)
 Ô£ö Get roles always includes role user
 Ô£ö Get user identifier returns email
 Ô£ö Has scope is case insensitive
 Ô£ö Is active returns flag

Security User Provider (Tests\Unit\Auth\Infrastructure\Security\User\SecurityUserProvider)
 Ô£ö Load user by id returns security user
 Ô£ö Load user by id throws when user missing
 Ô£ö Refresh user throws for unsupported user
 Ô£ö Supports class returns true for security user

Session (Tests\Unit\Session\Domain\Model\Session)
 Ô£ö Can create session
 Ô£ö Can update tokens
 Ô£ö Can touch session
 Ô£ö Can revoke session
 Ô£ö Revoking already revoked session is no op
 Ô£ö Metadata is initialized

Session Api (Tests\Functional\Api\SessionApi)
 Ô£ö Sessions endpoint requires authentication
 Ô£ö Revoke all sessions endpoint exists

Session Management Flow (App\Tests\E2E\SessionManagementFlow)
 Ô£ö List sessions with valid token
 Ô£ö List sessions without token
 Ô£ö Get session by id
 Ô£ö Get non existent session
 Ô£ö Revoke session without auth
 Ô£ö Revoke non existent session
 Ô£ö Revoke all sessions with valid token
 Ô£ö Revoke all sessions without auth

Session Metadata (Tests\Unit\Session\Domain\ValueObject\SessionMetadata)
 Ô£ö Default values
 Ô£ö Custom values
 Ô£ö To array
 Ô£ö From array
 Ô£ö From array with empty data

Setup Totp Handler (Tests\Unit\Otp\Application\UseCase\Command\Totp\SetupTotp\SetupTotpHandler)
 Ô£ö Invoke generates totp secret

System Clock Adapter (Tests\Unit\Shared\Infrastructure\Symfony\Adapter\Outbound\SystemClockAdapter)
 Ô£ö Now

Tenant (Tests\Unit\Tenant\Domain\Model\Tenant)
 Ô£ö Can create tenant
 Ô£ö Can activate tenant
 Ô£ö Can deactivate tenant
 Ô£ö Can update settings
 Ô£ö Activating already active tenant is no op
 Ô£ö Deactivating already inactive tenant is no op

Tenant Api (Tests\Functional\Api\TenantApi)
 Ô£ö Tenants endpoint requires authentication
 Ô£ö Create tenant requires authentication

Tenant Id (Tests\Unit\Shared\Domain\ValueObject\TenantId)
 Ô£ö Can be created with valid value
 Ô£ö From string
 Ô£ö Cannot be created with empty value
 Ô£ö Equality

Tenant Management Flow (App\Tests\E2E\TenantManagementFlow)
 Ô£ö List tenants with valid token
 Ô£ö List tenants without token
 Ô£ö Get non existent tenant
 Ô£ö Get tenant without auth
 Ô£ö Create tenant with valid data
 Ô£ö Create tenant without auth
 Ô£ö Create tenant with invalid data

Tenant Name (Tests\Unit\Tenant\Domain\ValueObject\TenantName)
 Ô£ö Can be created with valid name
 Ô£ö Cannot be created with too short name
 Ô£ö Cannot be created with too long name
 Ô£ö Minimum length name is valid
 Ô£ö Maximum length name is valid
 Ô£ö Valid names with data set "simple name"
 Ô£ö Valid names with data set "name with spaces"
 Ô£ö Valid names with data set "name with numbers"
 Ô£ö Valid names with data set "name with special chars"
 Ô£ö Valid names with data set "unicode name"

Tenant Settings (Tests\Unit\Tenant\Domain\ValueObject\TenantSettings)
 Ô£ö Default values
 Ô£ö Custom values
 Ô£ö With access token ttl
 Ô£ö With refresh token ttl
 Ô£ö To array
 Ô£ö From array
 Ô£ö From array with defaults

Token Claims (Tests\Unit\OAuth\Domain\ValueObject\Token\TokenClaims)
 Ô£ö Can be created and accessed
 Ô£ö Json serialization

Token Expiry (Tests\Unit\Auth\Domain\ValueObject\Token\TokenExpiry)
 Ô£ö From ttl rejects non positive
 Ô£ö From ttl creates future expiry
 Ô£ö From seconds aliases from ttl
 Ô£ö From timestamp creates expiry
 Ô£ö Extend returns new expiry

Token Expiry (Tests\Unit\OAuth\Domain\ValueObject\Token\TokenExpiry)
 Ô£ö Can create with expires at
 Ô£ö From ttl creates correct expiry
 Ô£ö From ttl with zero throws exception
 Ô£ö From ttl with negative throws exception
 Ô£ö From timestamp
 Ô£ö Is expired property hook for valid token
 Ô£ö Is expired property hook for expired token
 Ô£ö Remaining seconds property hook
 Ô£ö Remaining seconds for expired token
 Ô£ö Expires in minutes property hook
 Ô£ö Will expire within
 Ô£ö Extend

Token Identifier (Tests\Unit\Auth\Domain\ValueObject\Token\TokenIdentifier)
 Ô£ö Constructor rejects empty value
 Ô£ö Generate creates identifier
 Ô£ö Equals compares value

Token Issued Event (Tests\Unit\Auth\Domain\Event\Token\TokenIssuedEvent)
 Ô£ö Can be created

Token Issued Event (Tests\Unit\OAuth\Domain\Event\Token\TokenIssuedEvent)
 Ô£ö Can be created
 Ô£ö Can be created with null user id
 Ô£ö Occurred at is set automatically

Token Revoked Event (Tests\Unit\Auth\Domain\Event\Token\TokenRevokedEvent)
 Ô£ö Can be created

Token Revoked Event (Tests\Unit\OAuth\Domain\Event\Token\TokenRevokedEvent)
 Ô£ö Can be created
 Ô£ö Can be created with null reason
 Ô£ö Occurred at is set automatically

Token Session (Tests\Unit\Auth\Domain\Model\Session\TokenSession)
 Ô£ö Can create user session
 Ô£ö Create user session records events
 Ô£ö Can create client session
 Ô£ö Create client session records token issued event
 Ô£ö Can revoke user session
 Ô£ö Can revoke client session
 Ô£ö Revoke is idempotent
 Ô£ö Release events clears events
 Ô£ö Created at is set
 Ô£ö Access token expiry is set
 Ô£ö Refresh token expiry is set for user session
 Ô£ö Refresh token expiry is null for client session

Token Validation Flow (App\Tests\E2E\TokenValidationFlow)
 Ô£ö Token with specific scopes
 Ô£ö Token with multiple scopes
 Ô£ö Token without scope parameter
 Ô£ö Token with invalid scope
 Ô£ö Introspection returns token info
 Ô£ö Introspection of revoked token
 Ô£ö Token has expiration
 Ô£ö Introspection shows expiration
 Ô£ö Token type is bearer
 Ô£ö Bearer token authentication format
 Ô£ö Unsupported grant type rejected
 Ô£ö Missing grant type rejected

Token Validation Service (Tests\Unit\OAuth\Domain\Service\TokenValidationService)
 Ô£ö Validate access token returns not found when null
 Ô£ö Validate access token returns revoked when revoked
 Ô£ö Validate access token returns expired when expired
 Ô£ö Validate access token returns success when valid
 Ô£ö Validate access token checks required scopes
 Ô£ö Validate refresh token returns not found when null
 Ô£ö Validate refresh token returns revoked when revoked
 Ô£ö Validate refresh token returns expired when expired
 Ô£ö Validate refresh token returns success when valid
 Ô£ö Can refresh returns false when null
 Ô£ö Can refresh returns false when revoked
 Ô£ö Can refresh returns false when expired
 Ô£ö Can refresh returns true when valid

Totp Adapter (Tests\Unit\Otp\Infrastructure\Adapter\Notifier\TotpAdapter)
 Ô£ö Generate secret returns valid secret
 Ô£ö Get provisioning uri returns valid uri
 Ô£ö Verify rejects invalid format

Totp Flow (App\Tests\E2E\TotpFlow)
 Ô£ö Setup totp with valid token
 Ô£ö Setup totp without auth

Transaction Execution Exception (Tests\Unit\Shared\Infrastructure\Exception\TransactionExecutionException)
 Ô£ö Wrap

Translation Exception (Tests\Unit\Shared\Infrastructure\Exception\TranslationException)
 Ô£ö Translate failed

Translator Adapter (Tests\Unit\Shared\Infrastructure\Symfony\Adapter\Outbound\TranslatorAdapter)
 Ô£ö Translate success
 Ô£ö Translate throws exception

Trust Device Handler (Tests\Unit\TrustedDevice\Application\UseCase\Command\TrustedDevice\TrustDevice\TrustDeviceHandler)
 Ô£ö Invoke returns existing device when valid
 Ô£ö Invoke creates new device when missing
 Ô£ö Invoke creates new device when existing invalid

Trust Device Processor (Tests\Unit\TrustedDevice\Presentation\Api\Processor\TrustedDevice\TrustDeviceProcessor)
 Ô£ö Process creates cookie and output
 Ô£ö Process throws bad request when user missing
 Ô£ö Process throws bad request when request missing

Trusted Device (Tests\Unit\TrustedDevice\Domain\Model\TrustedDevice)
 Ô£ö Trust creates device and events
 Ô£ö Verify uses token and revocation
 Ô£ö Touch updates last used at
 Ô£ö Reconstitute supports expired and revoked states

Trusted Device Cookie Listener (Tests\Unit\TrustedDevice\Presentation\Api\EventSubscriber\TrustedDeviceCookieListener)
 Ô£ö On kernel response adds cookie when present
 Ô£ö On kernel response skips when no cookie

Trusted Device Cookie Service (Tests\Unit\TrustedDevice\Presentation\Api\Service\TrustedDeviceCookieService)
 Ô£ö Get cookie name adds host prefix in prod
 Ô£ö Get cookie name uses base in non prod
 Ô£ö Create cookie sets attributes
 Ô£ö Create clear cookie expires in past
 Ô£ö Get token from request

Trusted Device Flow (App\Tests\E2E\TrustedDeviceFlow)
 Ô£ö List trusted devices with valid token
 Ô£ö List trusted devices without token
 Ô£ö Revoke device without auth
 Ô£ö Revoke non existent device
 Ô£ö Revoke all devices with valid token
 Ô£ö Revoke all devices without auth

Trusted Device Not Found Exception (Tests\Unit\TrustedDevice\Domain\Exception\TrustedDeviceNotFoundException)
 Ô£ö Create

Update Client Details Handler (Tests\Unit\OAuth\Application\UseCase\Command\Client\UpdateClientDetails\UpdateClientDetailsHandler)
 Ô£ö Invoke updates client details
 Ô£ö Invoke throws exception when client not found

User (Tests\Unit\User\Domain\Model\User)
 Ô£ö Can be registered
 Ô£ö Can authenticate

User Agent (Tests\Unit\Shared\Domain\ValueObject\UserAgent)
 Ô£ö Can be created with valid value
 Ô£ö Cannot be created with empty value
 Ô£ö Equality
 Ô£ö Is mobile
 Ô£ö Get browser

User Api (Tests\Functional\Api\UserApi)
 Ô£ö Create user endpoint exists
 Ô£ö User endpoints require authentication
 Ô£ö Create user without auth returns unauthorized

User Id (Tests\Unit\User\Domain\ValueObject\UserId)
 Ô£ö Can be created with valid uuid

User Logged In Event (Tests\Unit\Auth\Domain\Event\Session\UserLoggedInEvent)
 Ô£ö Can be created
 Ô£ö Can be created with null ip address
 Ô£ö Occurred at is set automatically

User Logged Out Event (Tests\Unit\Auth\Domain\Event\Session\UserLoggedOutEvent)
 Ô£ö Can be created
 Ô£ö Can be created with null user id
 Ô£ö Occurred at is set automatically

User Management Flow (App\Tests\E2E\UserManagementFlow)
 Ô£ö List users with valid token
 Ô£ö List users without token
 Ô£ö User creation requires authorization
 Ô£ö Create user with invalid data
 Ô£ö Create user with invalid email
 Ô£ö Create user with weak password
 Ô£ö Get user by id
 Ô£ö Get non existent user
 Ô£ö Update user with patch
 Ô£ö Update user with patch without auth
 Ô£ö Replace user with put
 Ô£ö Replace user with put without auth
 Ô£ö Update non existent user
 Ô£ö Delete user
 Ô£ö Delete user without auth
 Ô£ö Delete non existent user

User Profile (Tests\Unit\User\Domain\ValueObject\UserProfile)
 Ô£ö Handles full name
 Ô£ö Checks equality

User Provider (Tests\Unit\User\Presentation\Api\Provider\User\UserProvider)
 Ô£ö Provides user resource
 Ô£ö Returns null if user not found
 Ô£ö Returns null if id missing

User Repository Integration (Tests\Integration\User\Infrastructure\Repository\UserRepositoryIntegration)
 Ô£ö Save and find by id
 Ô£ö Find by id returns null when not found
 Ô£ö Find by username
 Ô£ö Find by username returns null when not found
 Ô£ö Find by email
 Ô£ö Find by email returns null when not found
 Ô£ö Exists by username
 Ô£ö Exists by email
 Ô£ö Save updates existing user
 Ô£ö Delete
 Ô£ö Find all
 Ô£ö User with profile

User Status (Tests\Unit\User\Domain\ValueObject\UserStatus)
 Ô£ö Has correct methods

Username (Tests\Unit\User\Domain\ValueObject\Username)
 Ô£ö Validates format
 Ô£ö Throws on invalid format

Uuid (Tests\Unit\Shared\Domain\ValueObject\Uuid)
 Ô£ö Can be created with valid value
 Ô£ö Cannot be created with invalid value
 Ô£ö Equality

Uuid Generation Exception (Tests\Unit\Shared\Infrastructure\Exception\UuidGenerationException)
 Ô£ö Due to random failure

Uuid Generator Adapter (Tests\Unit\Shared\Infrastructure\Symfony\Adapter\Outbound\UuidGeneratorAdapter)
 Ô£ö Generate default
 Ô£ö Generate with custom generator
 Ô£ö Generate throws exception

Valid Redirect Uri Validator (Tests\Unit\OAuth\Presentation\Api\Validator\ValidRedirectUri\ValidRedirectUriValidator)
 Ô£ö Valid https uri
 Ô£ö Valid localhost http uri
 Ô£ö Invalid http uri
 Ô£ö Uri with fragment fails
 Ô£ö Null value passes

Valid Scopes Validator (Tests\Unit\OAuth\Presentation\Api\Validator\ValidScopes\ValidScopesValidator)
 Ô£ö Valid scopes passes
 Ô£ö Invalid scope fails
 Ô£ö Custom allowed scopes
 Ô£ö Null value passes

Validate Client Credentials Handler (Tests\Unit\OAuth\Application\UseCase\Query\Client\ValidateClientCredentials\ValidateClientCredentialsHandler)
 Ô£ö Invoke returns valid result when credentials are correct
 Ô£ö Invoke returns invalid result when client not found
 Ô£ö Invoke returns invalid result when secret is invalid

Validate Token Handler (Tests\Unit\OAuth\Application\UseCase\Query\Token\ValidateToken\ValidateTokenHandler)
 Ô£ö Invoke returns invalid when validation fails

Validation Exception (Tests\Unit\Auth\Domain\Exception\Session\ValidationException)
 Ô£ö Invalid grant type message
 Ô£ö Missing field message
 Ô£ö Invalid field message

Verify Otp Handler (Tests\Unit\Otp\Application\UseCase\Command\Challenge\VerifyOtp\VerifyOtpHandler)
 Ô£ö Invoke verifies correct code
 Ô£ö Invoke rejects incorrect code
 Ô£ö Invoke throws when otp not found

FAILURES!
Tests: 868, Assertions: 2447, Failures: 2.
